[index/index.html]
[sites/all/themes/omega/omega/apple-touch-icon-precomposed-72x72/index.png]
[sites/all/themes/omega/omega/apple-touch-icon-precomposed-114x114/index.png]
[sites/all/themes/omega/omega/apple-touch-icon-precomposed/index.png]
[sites/all/themes/omega/omega/apple-touch-icon-precomposed-144x144/index.png]
[backblue.gif]
[fade.gif]
[index.html]
[misc/favicon/index.ico]
[sites/default/files/css/css_Kvk0PWnS6HOxCom85M2ROIUTI6qLYJO8HPRW8NbgWs8/index.css]
[sites/default/files/css/css_IC5mpfzEnBOUs1KIE9F7Es5Ztx0JpEfUCqhkLRnrTyM/index.css]
[sites/default/files/css/css_4tAo0rIqlVbHzxZHW6TqLpAbovccPvpqTxX_5O60O_Q/index.css]
[sites/default/files/css/css_dYO-sf5aV6i_0bVIE4QmTxSzudYo1Y9lEOvrMNAnalY/index.css]
[sites/default/files/js/js_7lNCzDLsfu2KoAnsTyDsS7PjIRJdCtDpRX9YWS1a1A8/index.js]
[sites/default/files/js/js_dQY5kTwsfEPqlQU4NXcM76yJxRYnipPJN5jqoQzHWbk/index.js]
[sites/default/files/js/js_6BG5e4flEAMDyinnTOlVGecZ5egGM3zZQNQiH0wGnD0/index.js]
[sites/default/files/js/js_ayuJgCxRMdaNm66dhOppe1UrOB3PXZgbhG7VN1o21IY/index.js]
[sites/default/files/logo/index.jpg]
[sites/all/themes/first/images/autorizat/index.png]
[sites/default/files/imagini/facebook/index.png]
[sites/default/files/imagini/googleplus/index.png]
[sites/default/files/imagini/twitter/index.png]
[servicii/index.html]
[asigurari/index.html]
[informatii-utile/index.html]
[galerie/index.html]
[sites/default/files/styles/flexslider_full/public/imagine/slide/13-img7269/index.jpg]
[sites/default/files/styles/flexslider_full/public/imagine/slide/12-img7274_0/index.jpg]
[sites/default/files/styles/flexslider_full/public/imagine/slide/14-img7279/index.jpg]
[sites/default/files/styles/flexslider_full/public/imagine/slide/11-15017562694353065468361017552842n/index.jpg]
[sites/default/files/styles/flexslider_full/public/imagine/slide/8-15246032694276432142691896646597n/index.jpg]
[sites/default/files/imagini/1560591_269435059880194_1532957849_n/index.jpg]
[sites/default/files/imagini/large_1560591_269435059880194_1532957849_n/index.jpg]
[index/index.html]
[sites/default/files/js/js_5idECjjAo-X5YdkT65CaIiodkWmZlZv-WjSkHlWhoYk/index.js]
[sites/all/themes/omega/omega/images/misc/throbber/index.gif]
[sites/all/themes/omega/omega/images/misc/grippie/index.png]
[sites/all/themes/omega/omega/images/misc/draggable/index.png]
[sites/all/themes/omega/omega/images/misc/tree/index.png]
[sites/all/themes/omega/omega/images/misc/tree-bottom/index.png]
[sites/all/themes/omega/omega/images/misc/menu-expanded/index.png]
[sites/all/themes/omega/omega/images/misc/menu-collapsed/index.png]
[sites/all/themes/omega/omega/images/misc/menu-leaf/index.png]
[sites/all/themes/omega/omega/images/misc/message-24-ok/index.png]
[sites/all/themes/omega/omega/images/misc/message-24-warning/index.png]
[sites/all/themes/omega/omega/images/misc/message-24-error/index.png]
[sites/default/files/css/css_Kvk0PWnS6HOxCom85M2ROIUTI6qLYJO8HPRW8NbgWs8/index.css]
[sites/all/themes/omega/omega/images/misc/progress/index.gif]
[sites/all/modules/standard/colorbox/styles/default/images/controls/index.png]
[sites/all/modules/standard/colorbox/styles/default/images/loading_animation/index.gif]
[sites/all/modules/standard/ctools/images/status-active/index.gif]
[sites/all/libraries/flexslider/fonts/flexslider-icon/index.eot]
[sites/all/libraries/flexslider/fonts/flexslider-icon/index-2.eot]
[sites/all/libraries/flexslider/fonts/flexslider-icon/index.woff]
[sites/all/libraries/flexslider/fonts/flexslider-icon/index.ttf]
[sites/default/files/css/css_IC5mpfzEnBOUs1KIE9F7Es5Ztx0JpEfUCqhkLRnrTyM/index.css]
[sites/all/libraries/flexslider/fonts/flexslider-icon/index.svg]
[sites/all/themes/first/images/icon-programari/index.png]
[sites/all/themes/first/images/icon-servicii/index.png]
[sites/default/files/css/css_4tAo0rIqlVbHzxZHW6TqLpAbovccPvpqTxX_5O60O_Q/index.css]
[sites/all/themes/first/images/bg-img/index.jpg]
[sites/default/files/css/css_dYO-sf5aV6i_0bVIE4QmTxSzudYo1Y9lEOvrMNAnalY/index.css]
[sites/default/files/css/css_IyQ3Zot5K3kylIlrcGLWOExixYdll-SfKnbPaHV0GSg/index.css]
[sites/default/files/js/js_icq3m2dAq98ipujGiM8oYXsNQluz5nEVTi3Lebc2kPo/index.js]
[servicii/tinichigerie/index.html]
[servicii/vopsitorie/index.html]
[servicii/mecanica/index.html]
[servicii/index.html]
[sites/default/files/imagini/marci-auto/index.png]
[asigurari/index.html]
[informatii-utile/scurgeri-amortizoare/index.html]
[informatii-utile/index.html]
[sites/default/files/styles/medium/public/imagine/info-utile/5-10163782719622096274791222037205n/index.jpg]
[galerie-imagini/interior-service/index.html]
[sites/default/files/styles/medium/public/imagini/galerie/6-16048462736675727902762454277n/index.jpg]
[sites/default/files/styles/medium/public/imagini/galerie/6-15339572713348430235492093292421n/index.jpg]
[sites/default/files/styles/medium/public/imagini/galerie/6-15017562694353065468361017552842n/index.jpg]
[galerie/index.html]
[sites/default/files/styles/medium/public/imagini/galerie/6-15543942694351432135192084060743n/index.jpg]
[sites/all/libraries/flexslider/fonts/flexslider-icon/index.svg]
[sites/default/files/css/css_IyQ3Zot5K3kylIlrcGLWOExixYdll-SfKnbPaHV0GSg/index.css]
[servicii/tinichigerie/index.html]
[sites/default/files/styles/medium/public/imagini/galerie/6-16048462736675727902762454277n/index-2.jpg]
[sites/default/files/styles/medium/public/imagini/galerie/6-15017562694353065468361017552842n/index-2.jpg]
[servicii/vopsitorie/index.html]
[sites/default/files/styles/medium/public/imagini/galerie/6-15543942694351432135192084060743n/index-2.jpg]
[servicii/mecanica/index.html]
[informatii-utile/scurgeri-amortizoare/index.html]
[sites/default/files/imagine/info-utile/5-10163782719622096274791222037205n/index.jpg]
[sites/default/files/imagine/galerie/6-16048462736675727902762454277n/index.jpg]
[sites/default/files/imagini/galerie/6-16048462736675727902762454277n/index.jpg]
[sites/default/files/imagini/galerie/6-15339572713348430235492093292421n/index.jpg]
[sites/default/files/imagini/galerie/6-15017562694353065468361017552842n/index.jpg]
[sites/default/files/imagini/galerie/6-15543942694351432135192084060743n/index.jpg]
[sites/default/files/imagini/galerie/6-15366422694351032135231138693211n/index.jpg]
[sites/default/files/styles/medium/public/imagini/galerie/6-15366422694351032135231138693211n/index.jpg]
[galerie-imagini/interior-service/index.html]
